MPLINK 5.08, LINKER
Linker Map File - Created Thu Apr 15 22:38:04 2021

                                 Section Info
                  Section       Type    Address   Location Size(Bytes)
                ---------  ---------  ---------  ---------  ---------
                   .org_0       code   0x000000    program   0x00002e
                   .cinit    romdata   0x000017    program   0x000004
.config_2007_BUILD/DEFAULT/PRODUCTION/MAIN.O       code   0x002007    program   0x000002
.config_2008_BUILD/DEFAULT/PRODUCTION/MAIN.O       code   0x002008    program   0x000002



                              Program Memory Usage 
                               Start         End      
                           ---------   ---------      
                            0x000000    0x000018      
                            0x002007    0x002008      
            27 out of 8455 program addresses used, program memory utilization is 0%



                              Symbols - Sorted by Name
                     Name    Address   Location    Storage File                     
                ---------  ---------  ---------  --------- ---------                
                   BUCLE1   0x000012    program     static D:\GitHub\PIC\PIC\PIC16F886\PIC16F886.X\main.asm
                   BUCLE2   0x000011    program     static D:\GitHub\PIC\PIC\PIC16F886\PIC16F886.X\main.asm
                   INICIO   0x000000    program     static D:\GitHub\PIC\PIC\PIC16F886\PIC16F886.X\main.asm
                PRINCIPAL   0x00000a    program     static D:\GitHub\PIC\PIC\PIC16F886\PIC16F886.X\main.asm
                  RETARDO   0x00000f    program     static D:\GitHub\PIC\PIC\PIC16F886\PIC16F886.X\main.asm



                              Symbols - Sorted by Address
                     Name    Address   Location    Storage File                     
                ---------  ---------  ---------  --------- ---------                
                   INICIO   0x000000    program     static D:\GitHub\PIC\PIC\PIC16F886\PIC16F886.X\main.asm
                PRINCIPAL   0x00000a    program     static D:\GitHub\PIC\PIC\PIC16F886\PIC16F886.X\main.asm
                  RETARDO   0x00000f    program     static D:\GitHub\PIC\PIC\PIC16F886\PIC16F886.X\main.asm
                   BUCLE2   0x000011    program     static D:\GitHub\PIC\PIC\PIC16F886\PIC16F886.X\main.asm
                   BUCLE1   0x000012    program     static D:\GitHub\PIC\PIC\PIC16F886\PIC16F886.X\main.asm


