MPLINK 5.08, LINKER
Linker Map File - Created Fri Apr 16 20:41:17 2021

                                 Section Info
                  Section       Type    Address   Location Size(Bytes)
                ---------  ---------  ---------  ---------  ---------
                   .org_0       code   0x000000    program   0x000036
                   .cinit    romdata   0x00001b    program   0x000004
.config_2007_BUILD/DEFAULT/PRODUCTION/MAIN.O       code   0x002007    program   0x000002
.config_2008_BUILD/DEFAULT/PRODUCTION/MAIN.O       code   0x002008    program   0x000002



                              Program Memory Usage 
                               Start         End      
                           ---------   ---------      
                            0x000000    0x00001c      
                            0x002007    0x002008      
            31 out of 8455 program addresses used, program memory utilization is 0%



                              Symbols - Sorted by Name
                     Name    Address   Location    Storage File                     
                ---------  ---------  ---------  --------- ---------                
                    DELAY   0x00000c    program     static D:\GitHub\PIC\PIC\PIC16F886\PRUEBASPWM.X\main.asm
                      DOS   0x000010    program     static D:\GitHub\PIC\PIC\PIC16F886\PRUEBASPWM.X\main.asm
                   INICIO   0x000000    program     static D:\GitHub\PIC\PIC\PIC16F886\PRUEBASPWM.X\main.asm
                PRINCIPAL   0x000007    program     static D:\GitHub\PIC\PIC\PIC16F886\PRUEBASPWM.X\main.asm
                     TRES   0x00000e    program     static D:\GitHub\PIC\PIC\PIC16F886\PRUEBASPWM.X\main.asm
                      UNO   0x000012    program     static D:\GitHub\PIC\PIC\PIC16F886\PRUEBASPWM.X\main.asm



                              Symbols - Sorted by Address
                     Name    Address   Location    Storage File                     
                ---------  ---------  ---------  --------- ---------                
                   INICIO   0x000000    program     static D:\GitHub\PIC\PIC\PIC16F886\PRUEBASPWM.X\main.asm
                PRINCIPAL   0x000007    program     static D:\GitHub\PIC\PIC\PIC16F886\PRUEBASPWM.X\main.asm
                    DELAY   0x00000c    program     static D:\GitHub\PIC\PIC\PIC16F886\PRUEBASPWM.X\main.asm
                     TRES   0x00000e    program     static D:\GitHub\PIC\PIC\PIC16F886\PRUEBASPWM.X\main.asm
                      DOS   0x000010    program     static D:\GitHub\PIC\PIC\PIC16F886\PRUEBASPWM.X\main.asm
                      UNO   0x000012    program     static D:\GitHub\PIC\PIC\PIC16F886\PRUEBASPWM.X\main.asm


