MPLINK 5.08, LINKER
Linker Map File - Created Tue Apr 20 11:14:18 2021

                                 Section Info
                  Section       Type    Address   Location Size(Bytes)
                ---------  ---------  ---------  ---------  ---------
                   .org_0       code   0x000000    program   0x000002
                   .cinit    romdata   0x000001    program   0x000004
                   .org_1       code   0x000005    program   0x00005a
.config_2007_BUILD/DEFAULT/PRODUCTION/MAIN.O       code   0x002007    program   0x000002
.config_2008_BUILD/DEFAULT/PRODUCTION/MAIN.O       code   0x002008    program   0x000002



                              Program Memory Usage 
                               Start         End      
                           ---------   ---------      
                            0x000000    0x000002      
                            0x000005    0x000031      
                            0x002007    0x002008      
            50 out of 8455 program addresses used, program memory utilization is 0%



                              Symbols - Sorted by Name
                     Name    Address   Location    Storage File                     
                ---------  ---------  ---------  --------- ---------                
                ADC_start   0x000023    program     static D:\GitHub\PIC\PIC\PIC16F886\ADC.X\main.asm
              Demora_20us   0x00002d    program     static D:\GitHub\PIC\PIC\PIC16F886\ADC.X\main.asm
                   INICIO   0x000005    program     static D:\GitHub\PIC\PIC\PIC16F886\ADC.X\main.asm
               Repeticion   0x00002f    program     static D:\GitHub\PIC\PIC\PIC16F886\ADC.X\main.asm
                    START   0x00001e    program     static D:\GitHub\PIC\PIC\PIC16F886\ADC.X\main.asm



                              Symbols - Sorted by Address
                     Name    Address   Location    Storage File                     
                ---------  ---------  ---------  --------- ---------                
                   INICIO   0x000005    program     static D:\GitHub\PIC\PIC\PIC16F886\ADC.X\main.asm
                    START   0x00001e    program     static D:\GitHub\PIC\PIC\PIC16F886\ADC.X\main.asm
                ADC_start   0x000023    program     static D:\GitHub\PIC\PIC\PIC16F886\ADC.X\main.asm
              Demora_20us   0x00002d    program     static D:\GitHub\PIC\PIC\PIC16F886\ADC.X\main.asm
               Repeticion   0x00002f    program     static D:\GitHub\PIC\PIC\PIC16F886\ADC.X\main.asm


