MPLINK 5.08, LINKER
Linker Map File - Created Tue Apr 20 23:14:46 2021

                                 Section Info
                  Section       Type    Address   Location Size(Bytes)
                ---------  ---------  ---------  ---------  ---------
                   .org_0       code   0x000000    program   0x000026
                   .cinit    romdata   0x000013    program   0x000004
.config_2007_BUILD/DEFAULT/PRODUCTION/INTERMI       code   0x002007    program   0x000002
.config_2008_BUILD/DEFAULT/PRODUCTION/INTERMI       code   0x002008    program   0x000002



                              Program Memory Usage 
                               Start         End      
                           ---------   ---------      
                            0x000000    0x000014      
                            0x002007    0x002008      
            23 out of 8455 program addresses used, program memory utilization is 0%



                              Symbols - Sorted by Name
                     Name    Address   Location    Storage File                     
                ---------  ---------  ---------  --------- ---------                
                   BUCLE1   0x00000c    program     static F:\GitHub\PIC\PIC\PIC16F886\PWM.X\intermitente.asm
                   BUCLE2   0x00000b    program     static F:\GitHub\PIC\PIC\PIC16F886\PWM.X\intermitente.asm
                   BUCLE3   0x00000a    program     static F:\GitHub\PIC\PIC\PIC16F886\PWM.X\intermitente.asm
                   INICIO   0x000000    program     static F:\GitHub\PIC\PIC\PIC16F886\PWM.X\intermitente.asm
                PRINCIPAL   0x000003    program     static F:\GitHub\PIC\PIC\PIC16F886\PWM.X\intermitente.asm
                  RETARDO   0x000008    program     static F:\GitHub\PIC\PIC\PIC16F886\PWM.X\intermitente.asm



                              Symbols - Sorted by Address
                     Name    Address   Location    Storage File                     
                ---------  ---------  ---------  --------- ---------                
                   INICIO   0x000000    program     static F:\GitHub\PIC\PIC\PIC16F886\PWM.X\intermitente.asm
                PRINCIPAL   0x000003    program     static F:\GitHub\PIC\PIC\PIC16F886\PWM.X\intermitente.asm
                  RETARDO   0x000008    program     static F:\GitHub\PIC\PIC\PIC16F886\PWM.X\intermitente.asm
                   BUCLE3   0x00000a    program     static F:\GitHub\PIC\PIC\PIC16F886\PWM.X\intermitente.asm
                   BUCLE2   0x00000b    program     static F:\GitHub\PIC\PIC\PIC16F886\PWM.X\intermitente.asm
                   BUCLE1   0x00000c    program     static F:\GitHub\PIC\PIC\PIC16F886\PWM.X\intermitente.asm


