MPLINK 5.08, LINKER
Linker Map File - Created Wed Apr 21 14:59:05 2021

                                 Section Info
                  Section       Type    Address   Location Size(Bytes)
                ---------  ---------  ---------  ---------  ---------
                   .org_0       code   0x000000    program   0x00004c
                   .cinit    romdata   0x000026    program   0x000004
.config_2007_BUILD/DEFAULT/DEBUG/INICIO.O       code   0x002007    program   0x000002
.config_2008_BUILD/DEFAULT/DEBUG/INICIO.O       code   0x002008    program   0x000002



                              Program Memory Usage 
                               Start         End      
                           ---------   ---------      
                            0x000000    0x000027      
                            0x002007    0x002008      
            42 out of 8455 program addresses used, program memory utilization is 0%



                              Symbols - Sorted by Name
                     Name    Address   Location    Storage File                     
                ---------  ---------  ---------  --------- ---------                
                ADC_start   0x000010    program     static D:\GitHub\PIC\PIC\PIC16F886\PWM.X\inicio.asm
                   INICIO   0x000001    program     static D:\GitHub\PIC\PIC\PIC16F886\PWM.X\inicio.asm
                    START   0x00000c    program     static D:\GitHub\PIC\PIC\PIC16F886\PWM.X\inicio.asm



                              Symbols - Sorted by Address
                     Name    Address   Location    Storage File                     
                ---------  ---------  ---------  --------- ---------                
                   INICIO   0x000001    program     static D:\GitHub\PIC\PIC\PIC16F886\PWM.X\inicio.asm
                    START   0x00000c    program     static D:\GitHub\PIC\PIC\PIC16F886\PWM.X\inicio.asm
                ADC_start   0x000010    program     static D:\GitHub\PIC\PIC\PIC16F886\PWM.X\inicio.asm


